[0.020s][info][gc] Using Serial
[0.481s][info][gc] GC(0) Pause Young (Allocation Failure) 34M->23M(123M) 16.247ms
[0.513s][info][gc] GC(1) Pause Young (Allocation Failure) 57M->56M(123M) 25.597ms
[0.537s][info][gc] GC(2) Pause Young (Allocation Failure) 90M->89M(124M) 16.845ms
[0.544s][info][gc] GC(3) Pause Full (Allocation Failure) 89M->89M(207M) 7.103ms
[0.586s][info][gc] GC(4) Pause Young (Allocation Failure) 142M->142M(207M) 28.816ms
[0.633s][info][gc] GC(5) Pause Young (Allocation Failure) 199M->198M(256M) 37.023ms
[0.658s][info][gc] GC(6) Pause Full (Allocation Failure) 198M->194M(463M) 25.275ms
[0.780s][info][gc] GC(7) Pause Young (Allocation Failure) 319M->318M(463M) 72.740ms
[0.886s][info][gc] GC(8) Pause Young (Allocation Failure) 446M->444M(572M) 66.316ms
[0.943s][info][gc] GC(9) Pause Full (Allocation Failure) 444M->333M(807M) 56.835ms
[1.105s][info][gc] GC(10) Pause Young (Allocation Failure) 556M->549M(807M) 87.453ms
[1.325s][info][gc] GC(11) Pause Young (Allocation Failure) 772M->740M(963M) 133.298ms
[1.431s][info][gc] GC(12) Pause Full (Allocation Failure) 740M->354M(856M) 105.167ms
[1.543s][info][gc] GC(13) Pause Young (Allocation Failure) 590M->583M(856M) 59.801ms
[1.735s][info][gc] GC(14) Pause Young (Allocation Failure) 819M->815M(1052M) 137.758ms
[1.840s][info][gc] GC(15) Pause Full (Allocation Failure) 815M->574M(1389M) 104.659ms
[2.082s][info][gc] GC(16) Pause Young (Allocation Failure) 958M->946M(1389M) 142.669ms
[2.392s][info][gc] GC(17) Pause Young (Allocation Failure) 1330M->1318M(1702M) 243.726ms
[2.522s][info][gc] GC(18) Pause Full (Allocation Failure) 1318M->797M(1926M) 129.700ms
[2.771s][info][gc] GC(19) Pause Young (Allocation Failure) 1328M->1310M(1926M) 139.766ms
[2.885s][info][gc] GC(20) Pause Young (Allocation Failure) 1841M->1841M(1926M) 0.096ms
[3.041s][info][gc] GC(21) Pause Full (Allocation Failure) 1841M->567M(1926M) 156.192ms
[3.346s][info][gc] GC(22) Pause Young (Allocation Failure) 1099M->1086M(1926M) 191.408ms
[3.456s][info][gc] GC(23) Pause Young (Allocation Failure) 1617M->1617M(1926M) 0.100ms
[3.600s][info][gc] GC(24) Pause Full (Allocation Failure) 1617M->525M(1926M) 144.564ms
[3.839s][info][gc] GC(25) Pause Young (Allocation Failure) 1056M->1046M(1926M) 127.726ms
[3.931s][info][gc] GC(26) Pause Young (Allocation Failure) 1577M->1577M(1926M) 0.082ms
[4.067s][info][gc] GC(27) Pause Full (Allocation Failure) 1577M->523M(1926M) 136.273ms
[4.293s][info][gc] GC(28) Pause Young (Allocation Failure) 1054M->1043M(1926M) 138.522ms
[4.383s][info][gc] GC(29) Pause Young (Allocation Failure) 1574M->1574M(1926M) 0.103ms
[4.571s][info][gc] GC(30) Pause Full (Allocation Failure) 1574M->522M(1926M) 187.557ms
[4.786s][info][gc] GC(31) Pause Young (Allocation Failure) 1054M->1043M(1926M) 127.420ms
[4.872s][info][gc] GC(32) Pause Young (Allocation Failure) 1574M->1574M(1926M) 0.070ms
[5.029s][info][gc] GC(33) Pause Full (Allocation Failure) 1574M->522M(1926M) 156.578ms
[5.284s][info][gc] GC(34) Pause Young (Allocation Failure) 1054M->1042M(1926M) 161.832ms
[5.413s][info][gc] GC(35) Pause Young (Allocation Failure) 1574M->1574M(1926M) 0.067ms
[5.588s][info][gc] GC(36) Pause Full (Allocation Failure) 1574M->522M(1926M) 174.495ms
[5.851s][info][gc] GC(37) Pause Young (Allocation Failure) 1054M->1042M(1926M) 167.079ms
[5.940s][info][gc] GC(38) Pause Young (Allocation Failure) 1574M->1574M(1926M) 0.066ms
[6.084s][info][gc] GC(39) Pause Full (Allocation Failure) 1574M->522M(1926M) 144.050ms
[6.294s][info][gc] GC(40) Pause Young (Allocation Failure) 1054M->1042M(1926M) 126.798ms
[6.392s][info][gc] GC(41) Pause Young (Allocation Failure) 1574M->1574M(1926M) 0.073ms
[6.523s][info][gc] GC(42) Pause Full (Allocation Failure) 1574M->522M(1926M) 130.854ms
[6.722s][info][gc] GC(43) Pause Young (Allocation Failure) 1054M->1042M(1926M) 120.040ms
[6.803s][info][gc] GC(44) Pause Young (Allocation Failure) 1574M->1574M(1926M) 0.123ms
[6.966s][info][gc] GC(45) Pause Full (Allocation Failure) 1574M->522M(1926M) 163.340ms
[7.217s][info][gc] GC(46) Pause Young (Allocation Failure) 1054M->1042M(1926M) 149.280ms
[7.327s][info][gc] GC(47) Pause Young (Allocation Failure) 1574M->1574M(1926M) 0.135ms
[7.516s][info][gc] GC(48) Pause Full (Allocation Failure) 1574M->522M(1926M) 189.515ms
[7.738s][info][gc] GC(49) Pause Young (Allocation Failure) 1054M->1042M(1926M) 129.449ms
[7.825s][info][gc] GC(50) Pause Young (Allocation Failure) 1574M->1574M(1926M) 0.107ms
[7.951s][info][gc] GC(51) Pause Full (Allocation Failure) 1574M->522M(1926M) 126.273ms
[8.176s][info][gc] GC(52) Pause Young (Allocation Failure) 1054M->1042M(1926M) 133.974ms
[8.273s][info][gc] GC(53) Pause Young (Allocation Failure) 1574M->1574M(1926M) 0.073ms
[8.403s][info][gc] GC(54) Pause Full (Allocation Failure) 1574M->522M(1926M) 130.254ms
[8.608s][info][gc] GC(55) Pause Young (Allocation Failure) 1054M->1042M(1926M) 123.308ms
[8.689s][info][gc] GC(56) Pause Young (Allocation Failure) 1574M->1574M(1926M) 0.097ms
[8.827s][info][gc] GC(57) Pause Full (Allocation Failure) 1574M->522M(1926M) 138.152ms
[9.024s][info][gc] GC(58) Pause Young (Allocation Failure) 1054M->1042M(1926M) 119.939ms
[9.100s][info][gc] GC(59) Pause Young (Allocation Failure) 1574M->1574M(1926M) 0.064ms
[9.217s][info][gc] GC(60) Pause Full (Allocation Failure) 1574M->522M(1926M) 116.887ms
[9.414s][info][gc] GC(61) Pause Young (Allocation Failure) 1054M->1042M(1926M) 119.418ms
[9.487s][info][gc] GC(62) Pause Young (Allocation Failure) 1574M->1574M(1926M) 0.066ms
[9.607s][info][gc] GC(63) Pause Full (Allocation Failure) 1574M->522M(1926M) 120.054ms
[9.809s][info][gc] GC(64) Pause Young (Allocation Failure) 1054M->1042M(1926M) 121.537ms
[9.880s][info][gc] GC(65) Pause Young (Allocation Failure) 1574M->1574M(1926M) 0.063ms
[10.010s][info][gc] GC(66) Pause Full (Allocation Failure) 1574M->522M(1926M) 129.139ms
[10.204s][info][gc] GC(67) Pause Young (Allocation Failure) 1054M->1042M(1926M) 121.154ms
[10.278s][info][gc] GC(68) Pause Young (Allocation Failure) 1574M->1574M(1926M) 0.103ms
[10.398s][info][gc] GC(69) Pause Full (Allocation Failure) 1574M->522M(1926M) 119.368ms
[10.606s][info][gc] GC(70) Pause Young (Allocation Failure) 1054M->1042M(1926M) 131.001ms
[10.681s][info][gc] GC(71) Pause Young (Allocation Failure) 1574M->1574M(1926M) 0.078ms
[10.797s][info][gc] GC(72) Pause Full (Allocation Failure) 1574M->522M(1926M) 116.333ms
[11.000s][info][gc] GC(73) Pause Young (Allocation Failure) 1054M->1042M(1926M) 120.589ms
[11.077s][info][gc] GC(74) Pause Young (Allocation Failure) 1574M->1574M(1926M) 0.060ms
[11.194s][info][gc] GC(75) Pause Full (Allocation Failure) 1574M->522M(1926M) 117.125ms
[11.396s][info][gc] GC(76) Pause Young (Allocation Failure) 1054M->1042M(1926M) 128.258ms
[11.474s][info][gc] GC(77) Pause Young (Allocation Failure) 1574M->1574M(1926M) 0.064ms
[11.601s][info][gc] GC(78) Pause Full (Allocation Failure) 1574M->522M(1926M) 127.090ms
[11.809s][info][gc] GC(79) Pause Young (Allocation Failure) 1054M->1042M(1926M) 127.797ms
[11.887s][info][gc] GC(80) Pause Young (Allocation Failure) 1574M->1574M(1926M) 0.092ms
[12.009s][info][gc] GC(81) Pause Full (Allocation Failure) 1574M->522M(1926M) 122.235ms
[12.211s][info][gc] GC(82) Pause Young (Allocation Failure) 1054M->1042M(1926M) 125.445ms
[12.288s][info][gc] GC(83) Pause Young (Allocation Failure) 1574M->1574M(1926M) 0.079ms
[12.415s][info][gc] GC(84) Pause Full (Allocation Failure) 1574M->522M(1926M) 126.527ms
[12.625s][info][gc] GC(85) Pause Young (Allocation Failure) 1054M->1042M(1926M) 129.877ms
[12.707s][info][gc] GC(86) Pause Young (Allocation Failure) 1574M->1574M(1926M) 0.082ms
[12.832s][info][gc] GC(87) Pause Full (Allocation Failure) 1574M->522M(1926M) 125.392ms
[13.039s][info][gc] GC(88) Pause Young (Allocation Failure) 1054M->1042M(1926M) 127.693ms
[13.127s][info][gc] GC(89) Pause Young (Allocation Failure) 1574M->1574M(1926M) 0.083ms
[13.257s][info][gc] GC(90) Pause Full (Allocation Failure) 1574M->522M(1926M) 130.330ms
[13.455s][info][gc] GC(91) Pause Young (Allocation Failure) 1054M->1042M(1926M) 115.963ms
[13.534s][info][gc] GC(92) Pause Young (Allocation Failure) 1574M->1574M(1926M) 0.091ms
[13.652s][info][gc] GC(93) Pause Full (Allocation Failure) 1574M->522M(1926M) 118.601ms
[13.855s][info][gc] GC(94) Pause Young (Allocation Failure) 1054M->1042M(1926M) 128.184ms
[13.936s][info][gc] GC(95) Pause Young (Allocation Failure) 1574M->1574M(1926M) 0.059ms
[14.062s][info][gc] GC(96) Pause Full (Allocation Failure) 1574M->522M(1926M) 125.818ms
[14.257s][info][gc] GC(97) Pause Young (Allocation Failure) 1054M->1042M(1926M) 120.260ms
[14.339s][info][gc] GC(98) Pause Young (Allocation Failure) 1574M->1574M(1926M) 0.117ms
[14.467s][info][gc] GC(99) Pause Full (Allocation Failure) 1574M->522M(1926M) 128.088ms
[14.673s][info][gc] GC(100) Pause Young (Allocation Failure) 1054M->1042M(1926M) 122.073ms
[14.757s][info][gc] GC(101) Pause Young (Allocation Failure) 1574M->1574M(1926M) 0.059ms
[14.892s][info][gc] GC(102) Pause Full (Allocation Failure) 1574M->522M(1926M) 134.979ms
[15.097s][info][gc] GC(103) Pause Young (Allocation Failure) 1054M->1042M(1926M) 120.639ms
[15.173s][info][gc] GC(104) Pause Young (Allocation Failure) 1574M->1574M(1926M) 0.095ms
[15.296s][info][gc] GC(105) Pause Full (Allocation Failure) 1574M->522M(1926M) 122.915ms
[15.494s][info][gc] GC(106) Pause Young (Allocation Failure) 1054M->1042M(1926M) 118.378ms
[15.571s][info][gc] GC(107) Pause Young (Allocation Failure) 1574M->1574M(1926M) 0.070ms
[15.695s][info][gc] GC(108) Pause Full (Allocation Failure) 1574M->522M(1926M) 123.905ms
[15.903s][info][gc] GC(109) Pause Young (Allocation Failure) 1054M->1042M(1926M) 126.130ms
[16.002s][info][gc] GC(110) Pause Young (Allocation Failure) 1574M->1574M(1926M) 0.114ms
[16.130s][info][gc] GC(111) Pause Full (Allocation Failure) 1574M->522M(1926M) 127.390ms
[16.322s][info][gc] GC(112) Pause Young (Allocation Failure) 1054M->1042M(1926M) 114.065ms
[16.401s][info][gc] GC(113) Pause Young (Allocation Failure) 1574M->1574M(1926M) 0.140ms
[16.524s][info][gc] GC(114) Pause Full (Allocation Failure) 1574M->522M(1926M) 123.334ms
[16.736s][info][gc] GC(115) Pause Young (Allocation Failure) 1054M->1042M(1926M) 133.080ms
[16.819s][info][gc] GC(116) Pause Young (Allocation Failure) 1574M->1574M(1926M) 0.095ms
[16.940s][info][gc] GC(117) Pause Full (Allocation Failure) 1574M->522M(1926M) 120.934ms
[17.139s][info][gc] GC(118) Pause Young (Allocation Failure) 1054M->1042M(1926M) 124.480ms
[17.215s][info][gc] GC(119) Pause Young (Allocation Failure) 1574M->1574M(1926M) 0.064ms
[17.336s][info][gc] GC(120) Pause Full (Allocation Failure) 1574M->522M(1926M) 121.727ms
[17.528s][info][gc] GC(121) Pause Young (Allocation Failure) 1054M->1042M(1926M) 117.103ms
[17.604s][info][gc] GC(122) Pause Young (Allocation Failure) 1574M->1574M(1926M) 0.069ms
[17.722s][info][gc] GC(123) Pause Full (Allocation Failure) 1574M->522M(1926M) 118.489ms
[17.918s][info][gc] GC(124) Pause Young (Allocation Failure) 1054M->1042M(1926M) 120.793ms
[17.989s][info][gc] GC(125) Pause Young (Allocation Failure) 1574M->1574M(1926M) 0.082ms
[18.110s][info][gc] GC(126) Pause Full (Allocation Failure) 1574M->522M(1926M) 120.599ms
[18.299s][info][gc] GC(127) Pause Young (Allocation Failure) 1054M->1042M(1926M) 115.937ms
[18.377s][info][gc] GC(128) Pause Young (Allocation Failure) 1574M->1574M(1926M) 0.067ms
[18.484s][info][gc] GC(129) Pause Full (Allocation Failure) 1574M->522M(1926M) 106.739ms
[18.680s][info][gc] GC(130) Pause Young (Allocation Failure) 1054M->1042M(1926M) 123.906ms
[18.756s][info][gc] GC(131) Pause Young (Allocation Failure) 1574M->1574M(1926M) 0.072ms
[18.880s][info][gc] GC(132) Pause Full (Allocation Failure) 1574M->522M(1926M) 123.974ms
[19.075s][info][gc] GC(133) Pause Young (Allocation Failure) 1054M->1042M(1926M) 122.819ms
[19.147s][info][gc] GC(134) Pause Young (Allocation Failure) 1574M->1574M(1926M) 0.059ms
[19.264s][info][gc] GC(135) Pause Full (Allocation Failure) 1574M->522M(1926M) 117.046ms
[19.459s][info][gc] GC(136) Pause Young (Allocation Failure) 1054M->1042M(1926M) 118.130ms
[19.537s][info][gc] GC(137) Pause Young (Allocation Failure) 1574M->1574M(1926M) 0.071ms
[19.655s][info][gc] GC(138) Pause Full (Allocation Failure) 1574M->522M(1926M) 117.879ms
[19.871s][info][gc] GC(139) Pause Young (Allocation Failure) 1054M->1042M(1926M) 135.574ms
[19.947s][info][gc] GC(140) Pause Young (Allocation Failure) 1574M->1574M(1926M) 0.064ms
[20.063s][info][gc] GC(141) Pause Full (Allocation Failure) 1574M->522M(1926M) 116.332ms
[20.254s][info][gc] GC(142) Pause Young (Allocation Failure) 1054M->1042M(1926M) 117.142ms
[20.327s][info][gc] GC(143) Pause Young (Allocation Failure) 1574M->1574M(1926M) 0.060ms
[20.451s][info][gc] GC(144) Pause Full (Allocation Failure) 1574M->522M(1926M) 123.369ms
[20.644s][info][gc] GC(145) Pause Young (Allocation Failure) 1054M->1042M(1926M) 118.627ms
[20.716s][info][gc] GC(146) Pause Young (Allocation Failure) 1574M->1574M(1926M) 0.061ms
[20.841s][info][gc] GC(147) Pause Full (Allocation Failure) 1574M->522M(1926M) 125.017ms
[21.052s][info][gc] GC(148) Pause Young (Allocation Failure) 1054M->1042M(1926M) 140.352ms
[21.129s][info][gc] GC(149) Pause Young (Allocation Failure) 1574M->1574M(1926M) 0.063ms
[21.256s][info][gc] GC(150) Pause Full (Allocation Failure) 1574M->522M(1926M) 127.079ms
[21.476s][info][gc] GC(151) Pause Young (Allocation Failure) 1054M->1042M(1926M) 138.496ms
[21.560s][info][gc] GC(152) Pause Young (Allocation Failure) 1574M->1574M(1926M) 0.064ms
[21.699s][info][gc] GC(153) Pause Full (Allocation Failure) 1574M->522M(1926M) 139.408ms
[21.930s][info][gc] GC(154) Pause Young (Allocation Failure) 1054M->1042M(1926M) 136.307ms
[22.021s][info][gc] GC(155) Pause Young (Allocation Failure) 1574M->1574M(1926M) 0.081ms
[22.154s][info][gc] GC(156) Pause Full (Allocation Failure) 1574M->522M(1926M) 132.920ms
[22.360s][info][gc] GC(157) Pause Young (Allocation Failure) 1054M->1042M(1926M) 121.761ms
[22.441s][info][gc] GC(158) Pause Young (Allocation Failure) 1574M->1574M(1926M) 0.100ms
[22.570s][info][gc] GC(159) Pause Full (Allocation Failure) 1574M->522M(1926M) 128.752ms
[22.776s][info][gc] GC(160) Pause Young (Allocation Failure) 1054M->1042M(1926M) 125.818ms
[22.858s][info][gc] GC(161) Pause Young (Allocation Failure) 1574M->1574M(1926M) 0.081ms
[22.990s][info][gc] GC(162) Pause Full (Allocation Failure) 1574M->522M(1926M) 131.390ms
[23.201s][info][gc] GC(163) Pause Young (Allocation Failure) 1054M->1042M(1926M) 126.246ms
[23.289s][info][gc] GC(164) Pause Young (Allocation Failure) 1574M->1574M(1926M) 0.064ms
[23.415s][info][gc] GC(165) Pause Full (Allocation Failure) 1574M->522M(1926M) 126.076ms
[23.619s][info][gc] GC(166) Pause Young (Allocation Failure) 1054M->1042M(1926M) 122.940ms
[23.702s][info][gc] GC(167) Pause Young (Allocation Failure) 1574M->1574M(1926M) 0.097ms
[23.837s][info][gc] GC(168) Pause Full (Allocation Failure) 1574M->522M(1926M) 134.505ms
[24.050s][info][gc] GC(169) Pause Young (Allocation Failure) 1054M->1042M(1926M) 134.373ms
[24.135s][info][gc] GC(170) Pause Young (Allocation Failure) 1574M->1574M(1926M) 0.063ms
[24.281s][info][gc] GC(171) Pause Full (Allocation Failure) 1574M->522M(1926M) 145.459ms
[24.508s][info][gc] GC(172) Pause Young (Allocation Failure) 1054M->1042M(1926M) 131.809ms
[24.594s][info][gc] GC(173) Pause Young (Allocation Failure) 1574M->1574M(1926M) 0.084ms
[24.735s][info][gc] GC(174) Pause Full (Allocation Failure) 1574M->522M(1926M) 141.087ms
[25.042s][info][gc] GC(175) Pause Young (Allocation Failure) 1054M->1042M(1926M) 182.437ms
[25.164s][info][gc] GC(176) Pause Young (Allocation Failure) 1574M->1574M(1926M) 0.135ms
[25.331s][info][gc] GC(177) Pause Full (Allocation Failure) 1574M->522M(1926M) 167.357ms
[25.566s][info][gc] GC(178) Pause Young (Allocation Failure) 1054M->1042M(1926M) 137.155ms
[25.662s][info][gc] GC(179) Pause Young (Allocation Failure) 1574M->1574M(1926M) 0.074ms
[25.795s][info][gc] GC(180) Pause Full (Allocation Failure) 1574M->522M(1926M) 132.390ms
[26.011s][info][gc] GC(181) Pause Young (Allocation Failure) 1054M->1042M(1926M) 129.488ms
[26.095s][info][gc] GC(182) Pause Young (Allocation Failure) 1574M->1574M(1926M) 0.136ms
[26.237s][info][gc] GC(183) Pause Full (Allocation Failure) 1574M->522M(1926M) 141.984ms
[26.439s][info][gc] GC(184) Pause Young (Allocation Failure) 1054M->1042M(1926M) 120.651ms
[26.523s][info][gc] GC(185) Pause Young (Allocation Failure) 1574M->1574M(1926M) 0.068ms
[26.638s][info][gc] GC(186) Pause Full (Allocation Failure) 1574M->522M(1926M) 114.552ms
[26.835s][info][gc] GC(187) Pause Young (Allocation Failure) 1054M->1042M(1926M) 118.776ms
[26.910s][info][gc] GC(188) Pause Young (Allocation Failure) 1574M->1574M(1926M) 0.089ms
[27.029s][info][gc] GC(189) Pause Full (Allocation Failure) 1574M->522M(1926M) 119.090ms
[27.226s][info][gc] GC(190) Pause Young (Allocation Failure) 1054M->1042M(1926M) 119.230ms
[27.300s][info][gc] GC(191) Pause Young (Allocation Failure) 1574M->1574M(1926M) 0.084ms
[27.425s][info][gc] GC(192) Pause Full (Allocation Failure) 1574M->522M(1926M) 124.382ms
[27.618s][info][gc] GC(193) Pause Young (Allocation Failure) 1054M->1042M(1926M) 119.986ms
[27.690s][info][gc] GC(194) Pause Young (Allocation Failure) 1574M->1574M(1926M) 0.062ms
[27.820s][info][gc] GC(195) Pause Full (Allocation Failure) 1574M->522M(1926M) 129.624ms
[28.018s][info][gc] GC(196) Pause Young (Allocation Failure) 1054M->1042M(1926M) 121.507ms
[28.100s][info][gc] GC(197) Pause Young (Allocation Failure) 1574M->1574M(1926M) 0.101ms
[28.220s][info][gc] GC(198) Pause Full (Allocation Failure) 1574M->522M(1926M) 120.342ms
[28.417s][info][gc] GC(199) Pause Young (Allocation Failure) 1054M->1042M(1926M) 123.249ms
[28.490s][info][gc] GC(200) Pause Young (Allocation Failure) 1574M->1574M(1926M) 0.078ms
[28.597s][info][gc] GC(201) Pause Full (Allocation Failure) 1574M->522M(1926M) 106.781ms
[28.791s][info][gc] GC(202) Pause Young (Allocation Failure) 1054M->1042M(1926M) 122.779ms
[28.868s][info][gc] GC(203) Pause Young (Allocation Failure) 1574M->1574M(1926M) 0.073ms
[28.990s][info][gc] GC(204) Pause Full (Allocation Failure) 1574M->522M(1926M) 122.427ms
[29.182s][info][gc] GC(205) Pause Young (Allocation Failure) 1054M->1042M(1926M) 120.588ms
[29.254s][info][gc] GC(206) Pause Young (Allocation Failure) 1574M->1574M(1926M) 0.063ms
[29.370s][info][gc] GC(207) Pause Full (Allocation Failure) 1574M->522M(1926M) 116.089ms
[29.580s][info][gc] GC(208) Pause Young (Allocation Failure) 1054M->1042M(1926M) 131.116ms
[29.658s][info][gc] GC(209) Pause Young (Allocation Failure) 1574M->1574M(1926M) 0.079ms
[29.789s][info][gc] GC(210) Pause Full (Allocation Failure) 1574M->522M(1926M) 131.311ms
[30.007s][info][gc] GC(211) Pause Young (Allocation Failure) 1054M->1042M(1926M) 133.773ms
[30.090s][info][gc] GC(212) Pause Young (Allocation Failure) 1574M->1574M(1926M) 0.066ms
[30.204s][info][gc] GC(213) Pause Full (Allocation Failure) 1574M->522M(1926M) 113.991ms
[30.403s][info][gc] GC(214) Pause Young (Allocation Failure) 1054M->1042M(1926M) 126.201ms
[30.479s][info][gc] GC(215) Pause Young (Allocation Failure) 1574M->1574M(1926M) 0.078ms
[30.606s][info][gc] GC(216) Pause Full (Allocation Failure) 1574M->522M(1926M) 126.382ms
[30.804s][info][gc] GC(217) Pause Young (Allocation Failure) 1054M->1042M(1926M) 120.217ms
[30.886s][info][gc] GC(218) Pause Young (Allocation Failure) 1574M->1574M(1926M) 0.075ms
[31.009s][info][gc] GC(219) Pause Full (Allocation Failure) 1574M->522M(1926M) 122.973ms
[31.217s][info][gc] GC(220) Pause Young (Allocation Failure) 1054M->1042M(1926M) 127.964ms
[31.302s][info][gc] GC(221) Pause Young (Allocation Failure) 1574M->1574M(1926M) 0.081ms
[31.442s][info][gc] GC(222) Pause Full (Allocation Failure) 1574M->522M(1926M) 140.294ms
[31.666s][info][gc] GC(223) Pause Young (Allocation Failure) 1054M->1042M(1926M) 144.867ms
[31.757s][info][gc] GC(224) Pause Young (Allocation Failure) 1574M->1574M(1926M) 0.064ms
[31.894s][info][gc] GC(225) Pause Full (Allocation Failure) 1574M->522M(1926M) 137.375ms
[32.112s][info][gc] GC(226) Pause Young (Allocation Failure) 1054M->1042M(1926M) 128.908ms
[32.193s][info][gc] GC(227) Pause Young (Allocation Failure) 1574M->1574M(1926M) 0.071ms
[32.325s][info][gc] GC(228) Pause Full (Allocation Failure) 1574M->522M(1926M) 131.256ms
[32.539s][info][gc] GC(229) Pause Young (Allocation Failure) 1054M->1042M(1926M) 130.960ms
[32.622s][info][gc] GC(230) Pause Young (Allocation Failure) 1574M->1574M(1926M) 0.072ms
[32.749s][info][gc] GC(231) Pause Full (Allocation Failure) 1574M->522M(1926M) 127.692ms
[32.963s][info][gc] GC(232) Pause Young (Allocation Failure) 1054M->1042M(1926M) 131.295ms
[33.061s][info][gc] GC(233) Pause Young (Allocation Failure) 1574M->1574M(1926M) 0.097ms
[33.194s][info][gc] GC(234) Pause Full (Allocation Failure) 1574M->522M(1926M) 132.455ms
[33.409s][info][gc] GC(235) Pause Young (Allocation Failure) 1054M->1042M(1926M) 125.338ms
[33.488s][info][gc] GC(236) Pause Young (Allocation Failure) 1574M->1574M(1926M) 0.091ms
[33.617s][info][gc] GC(237) Pause Full (Allocation Failure) 1574M->522M(1926M) 128.744ms
[33.812s][info][gc] GC(238) Pause Young (Allocation Failure) 1054M->1042M(1926M) 115.239ms
[33.890s][info][gc] GC(239) Pause Young (Allocation Failure) 1574M->1574M(1926M) 0.100ms
[34.023s][info][gc] GC(240) Pause Full (Allocation Failure) 1574M->522M(1926M) 133.099ms
[34.225s][info][gc] GC(241) Pause Young (Allocation Failure) 1054M->1042M(1926M) 123.027ms
[34.308s][info][gc] GC(242) Pause Young (Allocation Failure) 1574M->1574M(1926M) 0.079ms
[34.431s][info][gc] GC(243) Pause Full (Allocation Failure) 1574M->522M(1926M) 122.508ms
[34.627s][info][gc] GC(244) Pause Young (Allocation Failure) 1054M->1042M(1926M) 120.901ms
[34.703s][info][gc] GC(245) Pause Young (Allocation Failure) 1574M->1574M(1926M) 0.064ms
[34.819s][info][gc] GC(246) Pause Full (Allocation Failure) 1574M->522M(1926M) 115.330ms
[35.027s][info][gc] GC(247) Pause Young (Allocation Failure) 1054M->1042M(1926M) 129.138ms
[35.104s][info][gc] GC(248) Pause Young (Allocation Failure) 1574M->1574M(1926M) 0.083ms
[35.220s][info][gc] GC(249) Pause Full (Allocation Failure) 1574M->522M(1926M) 115.541ms
[35.419s][info][gc] GC(250) Pause Young (Allocation Failure) 1054M->1042M(1926M) 124.662ms
[35.491s][info][gc] GC(251) Pause Young (Allocation Failure) 1574M->1574M(1926M) 0.079ms
[35.614s][info][gc] GC(252) Pause Full (Allocation Failure) 1574M->522M(1926M) 122.565ms
[35.820s][info][gc] GC(253) Pause Young (Allocation Failure) 1054M->1042M(1926M) 120.645ms
[35.892s][info][gc] GC(254) Pause Young (Allocation Failure) 1574M->1574M(1926M) 0.101ms
[36.012s][info][gc] GC(255) Pause Full (Allocation Failure) 1574M->522M(1926M) 120.304ms
[36.203s][info][gc] GC(256) Pause Young (Allocation Failure) 1054M->1042M(1926M) 116.071ms
[36.278s][info][gc] GC(257) Pause Young (Allocation Failure) 1574M->1574M(1926M) 0.086ms
[36.390s][info][gc] GC(258) Pause Full (Allocation Failure) 1574M->522M(1926M) 111.046ms
[36.589s][info][gc] GC(259) Pause Young (Allocation Failure) 1054M->1042M(1926M) 124.905ms
[36.665s][info][gc] GC(260) Pause Young (Allocation Failure) 1574M->1574M(1926M) 0.085ms
[36.789s][info][gc] GC(261) Pause Full (Allocation Failure) 1574M->522M(1926M) 123.911ms
[36.983s][info][gc] GC(262) Pause Young (Allocation Failure) 1054M->1042M(1926M) 120.035ms
[37.056s][info][gc] GC(263) Pause Young (Allocation Failure) 1574M->1574M(1926M) 0.061ms
[37.182s][info][gc] GC(264) Pause Full (Allocation Failure) 1574M->522M(1926M) 125.602ms
[37.377s][info][gc] GC(265) Pause Young (Allocation Failure) 1054M->1042M(1926M) 125.805ms
[37.453s][info][gc] GC(266) Pause Young (Allocation Failure) 1574M->1574M(1926M) 0.100ms
[37.560s][info][gc] GC(267) Pause Full (Allocation Failure) 1574M->522M(1926M) 107.714ms
[37.772s][info][gc] GC(268) Pause Young (Allocation Failure) 1054M->1042M(1926M) 134.171ms
[37.853s][info][gc] GC(269) Pause Young (Allocation Failure) 1574M->1574M(1926M) 0.069ms
[37.983s][info][gc] GC(270) Pause Full (Allocation Failure) 1574M->522M(1926M) 130.099ms
[38.220s][info][gc] GC(271) Pause Young (Allocation Failure) 1054M->1042M(1926M) 139.397ms
[38.311s][info][gc] GC(272) Pause Young (Allocation Failure) 1574M->1574M(1926M) 0.099ms
[38.437s][info][gc] GC(273) Pause Full (Allocation Failure) 1574M->522M(1926M) 126.216ms
[38.645s][info][gc] GC(274) Pause Young (Allocation Failure) 1054M->1042M(1926M) 128.000ms
[38.725s][info][gc] GC(275) Pause Young (Allocation Failure) 1574M->1574M(1926M) 0.083ms
[38.857s][info][gc] GC(276) Pause Full (Allocation Failure) 1574M->522M(1926M) 131.266ms
[39.061s][info][gc] GC(277) Pause Young (Allocation Failure) 1054M->1042M(1926M) 124.945ms
[39.144s][info][gc] GC(278) Pause Young (Allocation Failure) 1574M->1574M(1926M) 0.081ms
[39.274s][info][gc] GC(279) Pause Full (Allocation Failure) 1574M->522M(1926M) 129.424ms
[39.484s][info][gc] GC(280) Pause Young (Allocation Failure) 1054M->1042M(1926M) 130.015ms
[39.564s][info][gc] GC(281) Pause Young (Allocation Failure) 1574M->1574M(1926M) 0.062ms
[39.695s][info][gc] GC(282) Pause Full (Allocation Failure) 1574M->522M(1926M) 131.263ms
[39.907s][info][gc] GC(283) Pause Young (Allocation Failure) 1054M->1042M(1926M) 129.986ms
[39.986s][info][gc] GC(284) Pause Young (Allocation Failure) 1574M->1574M(1926M) 0.068ms
[40.108s][info][gc] GC(285) Pause Full (Allocation Failure) 1574M->522M(1926M) 122.087ms
[40.316s][info][gc] GC(286) Pause Young (Allocation Failure) 1054M->1042M(1926M) 124.741ms
[40.398s][info][gc] GC(287) Pause Young (Allocation Failure) 1574M->1574M(1926M) 0.058ms
[40.525s][info][gc] GC(288) Pause Full (Allocation Failure) 1574M->522M(1926M) 126.522ms
[40.727s][info][gc] GC(289) Pause Young (Allocation Failure) 1054M->1042M(1926M) 125.804ms
[40.806s][info][gc] GC(290) Pause Young (Allocation Failure) 1574M->1574M(1926M) 0.059ms
[40.921s][info][gc] GC(291) Pause Full (Allocation Failure) 1574M->522M(1926M) 115.675ms
[41.124s][info][gc] GC(292) Pause Young (Allocation Failure) 1054M->1042M(1926M) 122.603ms
[41.204s][info][gc] GC(293) Pause Young (Allocation Failure) 1574M->1574M(1926M) 0.075ms
[41.326s][info][gc] GC(294) Pause Full (Allocation Failure) 1574M->522M(1926M) 121.278ms
[41.524s][info][gc] GC(295) Pause Young (Allocation Failure) 1054M->1042M(1926M) 115.470ms
[41.599s][info][gc] GC(296) Pause Young (Allocation Failure) 1574M->1574M(1926M) 0.069ms
[41.732s][info][gc] GC(297) Pause Full (Allocation Failure) 1574M->522M(1926M) 132.810ms
[41.936s][info][gc] GC(298) Pause Young (Allocation Failure) 1054M->1042M(1926M) 122.454ms
[42.020s][info][gc] GC(299) Pause Young (Allocation Failure) 1574M->1574M(1926M) 0.151ms
[42.152s][info][gc] GC(300) Pause Full (Allocation Failure) 1574M->522M(1926M) 131.590ms
[42.351s][info][gc] GC(301) Pause Young (Allocation Failure) 1054M->1042M(1926M) 116.884ms
[42.427s][info][gc] GC(302) Pause Young (Allocation Failure) 1574M->1574M(1926M) 0.065ms
[42.554s][info][gc] GC(303) Pause Full (Allocation Failure) 1574M->522M(1926M) 126.759ms
[42.758s][info][gc] GC(304) Pause Young (Allocation Failure) 1054M->1042M(1926M) 125.451ms
[42.836s][info][gc] GC(305) Pause Young (Allocation Failure) 1574M->1574M(1926M) 0.065ms
[42.956s][info][gc] GC(306) Pause Full (Allocation Failure) 1574M->522M(1926M) 120.067ms
[43.162s][info][gc] GC(307) Pause Young (Allocation Failure) 1054M->1042M(1926M) 126.083ms
[43.241s][info][gc] GC(308) Pause Young (Allocation Failure) 1574M->1574M(1926M) 0.097ms
[43.370s][info][gc] GC(309) Pause Full (Allocation Failure) 1574M->522M(1926M) 129.453ms
[43.577s][info][gc] GC(310) Pause Young (Allocation Failure) 1054M->1042M(1926M) 125.833ms
[43.652s][info][gc] GC(311) Pause Young (Allocation Failure) 1574M->1574M(1926M) 0.067ms
[43.779s][info][gc] GC(312) Pause Full (Allocation Failure) 1574M->522M(1926M) 126.528ms
[43.975s][info][gc] GC(313) Pause Young (Allocation Failure) 1054M->1042M(1926M) 120.107ms
[44.054s][info][gc] GC(314) Pause Young (Allocation Failure) 1574M->1574M(1926M) 0.064ms
[44.194s][info][gc] GC(315) Pause Full (Allocation Failure) 1574M->522M(1926M) 139.597ms
[44.405s][info][gc] GC(316) Pause Young (Allocation Failure) 1054M->1042M(1926M) 129.064ms
[44.482s][info][gc] GC(317) Pause Young (Allocation Failure) 1574M->1574M(1926M) 0.063ms
[44.610s][info][gc] GC(318) Pause Full (Allocation Failure) 1574M->522M(1926M) 127.541ms
[44.811s][info][gc] GC(319) Pause Young (Allocation Failure) 1054M->1042M(1926M) 118.778ms
[44.887s][info][gc] GC(320) Pause Young (Allocation Failure) 1574M->1574M(1926M) 0.070ms
[45.002s][info][gc] GC(321) Pause Full (Allocation Failure) 1574M->522M(1926M) 115.681ms
[45.205s][info][gc] GC(322) Pause Young (Allocation Failure) 1054M->1042M(1926M) 124.441ms
[45.283s][info][gc] GC(323) Pause Young (Allocation Failure) 1574M->1574M(1926M) 0.061ms
[45.405s][info][gc] GC(324) Pause Full (Allocation Failure) 1574M->522M(1926M) 122.673ms
[45.607s][info][gc] GC(325) Pause Young (Allocation Failure) 1054M->1042M(1926M) 127.938ms
[45.685s][info][gc] GC(326) Pause Young (Allocation Failure) 1574M->1574M(1926M) 0.107ms
[45.807s][info][gc] GC(327) Pause Full (Allocation Failure) 1574M->522M(1926M) 122.025ms
[46.012s][info][gc] GC(328) Pause Young (Allocation Failure) 1054M->1042M(1926M) 130.324ms
[46.089s][info][gc] GC(329) Pause Young (Allocation Failure) 1574M->1574M(1926M) 0.080ms
[46.208s][info][gc] GC(330) Pause Full (Allocation Failure) 1574M->522M(1926M) 118.748ms
[46.406s][info][gc] GC(331) Pause Young (Allocation Failure) 1054M->1042M(1926M) 126.383ms
[46.491s][info][gc] GC(332) Pause Young (Allocation Failure) 1574M->1574M(1926M) 0.068ms
[46.617s][info][gc] GC(333) Pause Full (Allocation Failure) 1574M->522M(1926M) 126.123ms
[46.814s][info][gc] GC(334) Pause Young (Allocation Failure) 1054M->1042M(1926M) 119.709ms
[46.887s][info][gc] GC(335) Pause Young (Allocation Failure) 1574M->1574M(1926M) 0.086ms
[47.009s][info][gc] GC(336) Pause Full (Allocation Failure) 1574M->522M(1926M) 121.547ms
[47.209s][info][gc] GC(337) Pause Young (Allocation Failure) 1054M->1042M(1926M) 122.591ms
[47.289s][info][gc] GC(338) Pause Young (Allocation Failure) 1574M->1574M(1926M) 0.084ms
[47.396s][info][gc] GC(339) Pause Full (Allocation Failure) 1574M->522M(1926M) 106.876ms
[47.603s][info][gc] GC(340) Pause Young (Allocation Failure) 1054M->1042M(1926M) 132.038ms
[47.680s][info][gc] GC(341) Pause Young (Allocation Failure) 1574M->1574M(1926M) 0.063ms
[47.807s][info][gc] GC(342) Pause Full (Allocation Failure) 1574M->522M(1926M) 126.782ms
