[0.014s][info][gc] Using Serial
[0.438s][info][gc] GC(0) Pause Young (Allocation Failure) 34M->23M(123M) 14.790ms
[0.464s][info][gc] GC(1) Pause Young (Allocation Failure) 57M->56M(123M) 20.958ms
[0.489s][info][gc] GC(2) Pause Young (Allocation Failure) 90M->90M(124M) 17.416ms
[0.496s][info][gc] GC(3) Pause Full (Allocation Failure) 90M->90M(207M) 7.697ms
[0.537s][info][gc] GC(4) Pause Young (Allocation Failure) 143M->142M(207M) 26.515ms
[0.586s][info][gc] GC(5) Pause Young (Allocation Failure) 199M->199M(256M) 38.258ms
[0.613s][info][gc] GC(6) Pause Full (Allocation Failure) 199M->188M(456M) 26.351ms
[0.710s][info][gc] GC(7) Pause Young (Allocation Failure) 314M->312M(456M) 58.236ms
[0.812s][info][gc] GC(8) Pause Young (Allocation Failure) 437M->435M(561M) 71.563ms
[0.873s][info][gc] GC(9) Pause Full (Allocation Failure) 435M->351M(849M) 60.959ms
[1.099s][info][gc] GC(10) Pause Young (Allocation Failure) 585M->581M(849M) 124.126ms
[1.334s][info][gc] GC(11) Pause Young (Allocation Failure) 815M->811M(1046M) 167.843ms
[1.470s][info][gc] GC(12) Pause Full (Allocation Failure) 811M->507M(1227M) 135.805ms
[1.661s][info][gc] GC(13) Pause Young (Allocation Failure) 846M->832M(1227M) 106.648ms
[1.924s][info][gc] GC(14) Pause Young (Allocation Failure) 1170M->1162M(1500M) 192.272ms
[2.029s][info][gc] GC(15) Pause Full (Allocation Failure) 1162M->728M(1759M) 104.177ms
[2.342s][info][gc] GC(16) Pause Young (Allocation Failure) 1213M->1206M(1759M) 197.036ms
[2.496s][info][gc] GC(17) Pause Young (Allocation Failure) 1692M->1692M(1759M) 0.148ms
[2.703s][info][gc] GC(18) Pause Full (Allocation Failure) 1692M->1032M(1966M) 207.445ms
[2.841s][info][gc] GC(19) Pause Young (Allocation Failure) 1574M->1574M(1966M) 0.091ms
[3.007s][info][gc] GC(20) Pause Full (Allocation Failure) 1574M->1161M(1966M) 165.715ms
[3.114s][info][gc] GC(21) Pause Young (Allocation Failure) 1703M->1703M(1966M) 0.084ms
[3.369s][info][gc] GC(22) Pause Full (Allocation Failure) 1703M->834M(1966M) 254.031ms
[3.699s][info][gc] GC(23) Pause Young (Allocation Failure) 1376M->1360M(1966M) 223.657ms
[3.812s][info][gc] GC(24) Pause Young (Allocation Failure) 1902M->1902M(1966M) 0.119ms
[3.956s][info][gc] GC(25) Pause Full (Allocation Failure) 1902M->580M(1966M) 144.625ms
[4.191s][info][gc] GC(26) Pause Young (Allocation Failure) 1122M->1113M(1966M) 127.760ms
[4.297s][info][gc] GC(27) Pause Young (Allocation Failure) 1656M->1656M(1966M) 0.097ms
[4.426s][info][gc] GC(28) Pause Full (Allocation Failure) 1656M->585M(1966M) 129.005ms
[4.659s][info][gc] GC(29) Pause Young (Allocation Failure) 1128M->1117M(1966M) 130.295ms
[4.745s][info][gc] GC(30) Pause Young (Allocation Failure) 1659M->1659M(1966M) 0.076ms
[4.889s][info][gc] GC(31) Pause Full (Allocation Failure) 1659M->585M(1966M) 143.907ms
[5.127s][info][gc] GC(32) Pause Young (Allocation Failure) 1127M->1116M(1966M) 142.172ms
[5.235s][info][gc] GC(33) Pause Young (Allocation Failure) 1658M->1658M(1966M) 0.067ms
[5.364s][info][gc] GC(34) Pause Full (Allocation Failure) 1658M->533M(1966M) 129.704ms
[5.577s][info][gc] GC(35) Pause Young (Allocation Failure) 1076M->1065M(1966M) 130.046ms
[5.701s][info][gc] GC(36) Pause Young (Allocation Failure) 1607M->1607M(1966M) 0.093ms
[5.864s][info][gc] GC(37) Pause Full (Allocation Failure) 1607M->533M(1966M) 162.972ms
[6.166s][info][gc] GC(38) Pause Young (Allocation Failure) 1076M->1065M(1966M) 146.049ms
[6.252s][info][gc] GC(39) Pause Young (Allocation Failure) 1607M->1607M(1966M) 0.066ms
[6.386s][info][gc] GC(40) Pause Full (Allocation Failure) 1607M->533M(1966M) 134.609ms
[6.609s][info][gc] GC(41) Pause Young (Allocation Failure) 1076M->1065M(1966M) 134.689ms
[6.688s][info][gc] GC(42) Pause Young (Allocation Failure) 1607M->1607M(1966M) 0.089ms
[6.811s][info][gc] GC(43) Pause Full (Allocation Failure) 1607M->533M(1966M) 122.621ms
[7.011s][info][gc] GC(44) Pause Young (Allocation Failure) 1076M->1065M(1966M) 120.969ms
[7.089s][info][gc] GC(45) Pause Young (Allocation Failure) 1607M->1607M(1966M) 0.072ms
[7.210s][info][gc] GC(46) Pause Full (Allocation Failure) 1607M->533M(1966M) 120.384ms
[7.429s][info][gc] GC(47) Pause Young (Allocation Failure) 1076M->1065M(1966M) 125.474ms
[7.507s][info][gc] GC(48) Pause Young (Allocation Failure) 1607M->1607M(1966M) 0.074ms
[7.625s][info][gc] GC(49) Pause Full (Allocation Failure) 1607M->533M(1966M) 117.482ms
[7.828s][info][gc] GC(50) Pause Young (Allocation Failure) 1076M->1065M(1966M) 125.270ms
[7.907s][info][gc] GC(51) Pause Young (Allocation Failure) 1607M->1607M(1966M) 0.091ms
[8.031s][info][gc] GC(52) Pause Full (Allocation Failure) 1607M->533M(1966M) 124.475ms
[8.235s][info][gc] GC(53) Pause Young (Allocation Failure) 1076M->1065M(1966M) 126.538ms
[8.312s][info][gc] GC(54) Pause Young (Allocation Failure) 1607M->1607M(1966M) 0.079ms
[8.432s][info][gc] GC(55) Pause Full (Allocation Failure) 1607M->533M(1966M) 120.684ms
[8.631s][info][gc] GC(56) Pause Young (Allocation Failure) 1076M->1065M(1966M) 121.584ms
[8.709s][info][gc] GC(57) Pause Young (Allocation Failure) 1607M->1607M(1966M) 0.063ms
[8.835s][info][gc] GC(58) Pause Full (Allocation Failure) 1607M->533M(1966M) 125.866ms
[9.037s][info][gc] GC(59) Pause Young (Allocation Failure) 1076M->1065M(1966M) 118.835ms
[9.119s][info][gc] GC(60) Pause Young (Allocation Failure) 1607M->1607M(1966M) 0.095ms
[9.255s][info][gc] GC(61) Pause Full (Allocation Failure) 1607M->533M(1966M) 136.450ms
[9.456s][info][gc] GC(62) Pause Young (Allocation Failure) 1076M->1065M(1966M) 120.276ms
[9.534s][info][gc] GC(63) Pause Young (Allocation Failure) 1607M->1607M(1966M) 0.073ms
[9.655s][info][gc] GC(64) Pause Full (Allocation Failure) 1607M->533M(1966M) 120.366ms
[9.856s][info][gc] GC(65) Pause Young (Allocation Failure) 1076M->1065M(1966M) 122.423ms
[9.931s][info][gc] GC(66) Pause Young (Allocation Failure) 1607M->1607M(1966M) 0.083ms
[10.052s][info][gc] GC(67) Pause Full (Allocation Failure) 1607M->533M(1966M) 120.732ms
[10.257s][info][gc] GC(68) Pause Young (Allocation Failure) 1076M->1065M(1966M) 126.061ms
[10.334s][info][gc] GC(69) Pause Young (Allocation Failure) 1607M->1607M(1966M) 0.088ms
[10.455s][info][gc] GC(70) Pause Full (Allocation Failure) 1607M->533M(1966M) 120.933ms
[10.661s][info][gc] GC(71) Pause Young (Allocation Failure) 1076M->1065M(1966M) 123.128ms
[10.741s][info][gc] GC(72) Pause Young (Allocation Failure) 1607M->1607M(1966M) 0.083ms
[10.859s][info][gc] GC(73) Pause Full (Allocation Failure) 1607M->533M(1966M) 118.130ms
[11.063s][info][gc] GC(74) Pause Young (Allocation Failure) 1076M->1065M(1966M) 124.872ms
[11.140s][info][gc] GC(75) Pause Young (Allocation Failure) 1607M->1607M(1966M) 0.081ms
[11.262s][info][gc] GC(76) Pause Full (Allocation Failure) 1607M->533M(1966M) 121.822ms
[11.469s][info][gc] GC(77) Pause Young (Allocation Failure) 1076M->1065M(1966M) 125.126ms
[11.556s][info][gc] GC(78) Pause Young (Allocation Failure) 1607M->1607M(1966M) 0.068ms
[11.685s][info][gc] GC(79) Pause Full (Allocation Failure) 1607M->533M(1966M) 128.465ms
[11.883s][info][gc] GC(80) Pause Young (Allocation Failure) 1076M->1065M(1966M) 118.352ms
[11.961s][info][gc] GC(81) Pause Young (Allocation Failure) 1607M->1607M(1966M) 0.064ms
[12.102s][info][gc] GC(82) Pause Full (Allocation Failure) 1607M->533M(1966M) 141.119ms
[12.309s][info][gc] GC(83) Pause Young (Allocation Failure) 1076M->1065M(1966M) 126.080ms
[12.388s][info][gc] GC(84) Pause Young (Allocation Failure) 1607M->1607M(1966M) 0.063ms
[12.527s][info][gc] GC(85) Pause Full (Allocation Failure) 1607M->533M(1966M) 138.939ms
[12.726s][info][gc] GC(86) Pause Young (Allocation Failure) 1076M->1065M(1966M) 120.317ms
[12.805s][info][gc] GC(87) Pause Young (Allocation Failure) 1607M->1607M(1966M) 0.077ms
[12.943s][info][gc] GC(88) Pause Full (Allocation Failure) 1607M->533M(1966M) 138.150ms
[13.154s][info][gc] GC(89) Pause Young (Allocation Failure) 1076M->1065M(1966M) 125.079ms
[13.236s][info][gc] GC(90) Pause Young (Allocation Failure) 1607M->1607M(1966M) 0.097ms
[13.370s][info][gc] GC(91) Pause Full (Allocation Failure) 1607M->533M(1966M) 134.137ms
[13.569s][info][gc] GC(92) Pause Young (Allocation Failure) 1076M->1065M(1966M) 118.501ms
[13.646s][info][gc] GC(93) Pause Young (Allocation Failure) 1607M->1607M(1966M) 0.064ms
[13.784s][info][gc] GC(94) Pause Full (Allocation Failure) 1607M->533M(1966M) 138.321ms
[13.984s][info][gc] GC(95) Pause Young (Allocation Failure) 1076M->1065M(1966M) 123.129ms
[14.063s][info][gc] GC(96) Pause Young (Allocation Failure) 1607M->1607M(1966M) 0.090ms
[14.198s][info][gc] GC(97) Pause Full (Allocation Failure) 1607M->533M(1966M) 135.037ms
[14.394s][info][gc] GC(98) Pause Young (Allocation Failure) 1076M->1065M(1966M) 119.094ms
[14.475s][info][gc] GC(99) Pause Young (Allocation Failure) 1607M->1607M(1966M) 0.073ms
[14.613s][info][gc] GC(100) Pause Full (Allocation Failure) 1607M->533M(1966M) 138.433ms
[14.813s][info][gc] GC(101) Pause Young (Allocation Failure) 1076M->1065M(1966M) 120.501ms
[14.892s][info][gc] GC(102) Pause Young (Allocation Failure) 1607M->1607M(1966M) 0.065ms
[15.021s][info][gc] GC(103) Pause Full (Allocation Failure) 1607M->533M(1966M) 129.111ms
[15.220s][info][gc] GC(104) Pause Young (Allocation Failure) 1076M->1065M(1966M) 120.298ms
[15.306s][info][gc] GC(105) Pause Young (Allocation Failure) 1607M->1607M(1966M) 0.065ms
[15.442s][info][gc] GC(106) Pause Full (Allocation Failure) 1607M->533M(1966M) 135.463ms
[15.636s][info][gc] GC(107) Pause Young (Allocation Failure) 1076M->1065M(1966M) 114.895ms
[15.715s][info][gc] GC(108) Pause Young (Allocation Failure) 1607M->1607M(1966M) 0.075ms
[15.856s][info][gc] GC(109) Pause Full (Allocation Failure) 1607M->533M(1966M) 140.547ms
[16.059s][info][gc] GC(110) Pause Young (Allocation Failure) 1076M->1065M(1966M) 119.476ms
[16.140s][info][gc] GC(111) Pause Young (Allocation Failure) 1607M->1607M(1966M) 0.064ms
[16.271s][info][gc] GC(112) Pause Full (Allocation Failure) 1607M->533M(1966M) 131.245ms
[16.467s][info][gc] GC(113) Pause Young (Allocation Failure) 1076M->1065M(1966M) 116.284ms
[16.542s][info][gc] GC(114) Pause Young (Allocation Failure) 1607M->1607M(1966M) 0.072ms
[16.682s][info][gc] GC(115) Pause Full (Allocation Failure) 1607M->533M(1966M) 139.888ms
[16.876s][info][gc] GC(116) Pause Young (Allocation Failure) 1076M->1065M(1966M) 115.917ms
[16.956s][info][gc] GC(117) Pause Young (Allocation Failure) 1607M->1607M(1966M) 0.113ms
[17.094s][info][gc] GC(118) Pause Full (Allocation Failure) 1607M->533M(1966M) 137.572ms
[17.293s][info][gc] GC(119) Pause Young (Allocation Failure) 1076M->1065M(1966M) 115.681ms
[17.373s][info][gc] GC(120) Pause Young (Allocation Failure) 1607M->1607M(1966M) 0.082ms
[17.504s][info][gc] GC(121) Pause Full (Allocation Failure) 1607M->533M(1966M) 130.463ms
[17.716s][info][gc] GC(122) Pause Young (Allocation Failure) 1076M->1065M(1966M) 134.183ms
[17.798s][info][gc] GC(123) Pause Young (Allocation Failure) 1607M->1607M(1966M) 0.076ms
[17.952s][info][gc] GC(124) Pause Full (Allocation Failure) 1607M->533M(1966M) 153.764ms
[18.168s][info][gc] GC(125) Pause Young (Allocation Failure) 1076M->1065M(1966M) 133.714ms
[18.252s][info][gc] GC(126) Pause Young (Allocation Failure) 1607M->1607M(1966M) 0.106ms
[18.391s][info][gc] GC(127) Pause Full (Allocation Failure) 1607M->533M(1966M) 138.574ms
[18.604s][info][gc] GC(128) Pause Young (Allocation Failure) 1076M->1065M(1966M) 132.210ms
[18.686s][info][gc] GC(129) Pause Young (Allocation Failure) 1607M->1607M(1966M) 0.075ms
[18.836s][info][gc] GC(130) Pause Full (Allocation Failure) 1607M->533M(1966M) 150.722ms
[19.041s][info][gc] GC(131) Pause Young (Allocation Failure) 1076M->1065M(1966M) 118.043ms
[19.118s][info][gc] GC(132) Pause Young (Allocation Failure) 1607M->1607M(1966M) 0.084ms
[19.259s][info][gc] GC(133) Pause Full (Allocation Failure) 1607M->533M(1966M) 141.279ms
[19.453s][info][gc] GC(134) Pause Young (Allocation Failure) 1076M->1065M(1966M) 116.120ms
[19.531s][info][gc] GC(135) Pause Young (Allocation Failure) 1607M->1607M(1966M) 0.075ms
[19.667s][info][gc] GC(136) Pause Full (Allocation Failure) 1607M->533M(1966M) 136.217ms
[19.868s][info][gc] GC(137) Pause Young (Allocation Failure) 1076M->1065M(1966M) 117.498ms
[19.946s][info][gc] GC(138) Pause Young (Allocation Failure) 1607M->1607M(1966M) 0.082ms
[20.084s][info][gc] GC(139) Pause Full (Allocation Failure) 1607M->533M(1966M) 137.286ms
[20.290s][info][gc] GC(140) Pause Young (Allocation Failure) 1076M->1065M(1966M) 125.332ms
[20.368s][info][gc] GC(141) Pause Young (Allocation Failure) 1607M->1607M(1966M) 0.090ms
[20.498s][info][gc] GC(142) Pause Full (Allocation Failure) 1607M->533M(1966M) 130.709ms
[20.698s][info][gc] GC(143) Pause Young (Allocation Failure) 1076M->1065M(1966M) 121.887ms
[20.776s][info][gc] GC(144) Pause Young (Allocation Failure) 1607M->1607M(1966M) 0.063ms
[20.906s][info][gc] GC(145) Pause Full (Allocation Failure) 1607M->533M(1966M) 130.405ms
[21.101s][info][gc] GC(146) Pause Young (Allocation Failure) 1076M->1065M(1966M) 117.086ms
[21.177s][info][gc] GC(147) Pause Young (Allocation Failure) 1607M->1607M(1966M) 0.066ms
[21.317s][info][gc] GC(148) Pause Full (Allocation Failure) 1607M->533M(1966M) 139.765ms
[21.516s][info][gc] GC(149) Pause Young (Allocation Failure) 1076M->1065M(1966M) 120.497ms
[21.594s][info][gc] GC(150) Pause Young (Allocation Failure) 1607M->1607M(1966M) 0.072ms
[21.742s][info][gc] GC(151) Pause Full (Allocation Failure) 1607M->533M(1966M) 148.338ms
[21.962s][info][gc] GC(152) Pause Young (Allocation Failure) 1076M->1065M(1966M) 135.341ms
[22.043s][info][gc] GC(153) Pause Young (Allocation Failure) 1607M->1607M(1966M) 0.100ms
[22.170s][info][gc] GC(154) Pause Full (Allocation Failure) 1607M->533M(1966M) 126.503ms
[22.388s][info][gc] GC(155) Pause Young (Allocation Failure) 1076M->1065M(1966M) 137.121ms
[22.470s][info][gc] GC(156) Pause Young (Allocation Failure) 1607M->1607M(1966M) 0.110ms
[22.622s][info][gc] GC(157) Pause Full (Allocation Failure) 1607M->533M(1966M) 151.612ms
[22.823s][info][gc] GC(158) Pause Young (Allocation Failure) 1076M->1065M(1966M) 119.543ms
[22.901s][info][gc] GC(159) Pause Young (Allocation Failure) 1607M->1607M(1966M) 0.092ms
[23.053s][info][gc] GC(160) Pause Full (Allocation Failure) 1607M->533M(1966M) 151.897ms
[23.256s][info][gc] GC(161) Pause Young (Allocation Failure) 1076M->1065M(1966M) 116.411ms
[23.337s][info][gc] GC(162) Pause Young (Allocation Failure) 1607M->1607M(1966M) 0.081ms
[23.464s][info][gc] GC(163) Pause Full (Allocation Failure) 1607M->533M(1966M) 127.280ms
[23.679s][info][gc] GC(164) Pause Young (Allocation Failure) 1076M->1065M(1966M) 134.386ms
[23.761s][info][gc] GC(165) Pause Young (Allocation Failure) 1607M->1607M(1966M) 0.093ms
[23.890s][info][gc] GC(166) Pause Full (Allocation Failure) 1607M->533M(1966M) 129.234ms
[24.087s][info][gc] GC(167) Pause Young (Allocation Failure) 1076M->1065M(1966M) 118.629ms
[24.168s][info][gc] GC(168) Pause Young (Allocation Failure) 1607M->1607M(1966M) 0.073ms
[24.302s][info][gc] GC(169) Pause Full (Allocation Failure) 1607M->533M(1966M) 133.875ms
[24.507s][info][gc] GC(170) Pause Young (Allocation Failure) 1076M->1065M(1966M) 122.320ms
[24.585s][info][gc] GC(171) Pause Young (Allocation Failure) 1607M->1607M(1966M) 0.076ms
[24.714s][info][gc] GC(172) Pause Full (Allocation Failure) 1607M->533M(1966M) 128.852ms
[24.920s][info][gc] GC(173) Pause Young (Allocation Failure) 1076M->1065M(1966M) 124.815ms
[24.999s][info][gc] GC(174) Pause Young (Allocation Failure) 1607M->1607M(1966M) 0.159ms
[25.139s][info][gc] GC(175) Pause Full (Allocation Failure) 1607M->533M(1966M) 140.143ms
[25.342s][info][gc] GC(176) Pause Young (Allocation Failure) 1076M->1065M(1966M) 119.297ms
[25.424s][info][gc] GC(177) Pause Young (Allocation Failure) 1607M->1607M(1966M) 0.097ms
[25.567s][info][gc] GC(178) Pause Full (Allocation Failure) 1607M->533M(1966M) 142.700ms
[25.769s][info][gc] GC(179) Pause Young (Allocation Failure) 1076M->1065M(1966M) 121.504ms
[25.848s][info][gc] GC(180) Pause Young (Allocation Failure) 1607M->1607M(1966M) 0.118ms
[25.976s][info][gc] GC(181) Pause Full (Allocation Failure) 1607M->533M(1966M) 128.310ms
[26.180s][info][gc] GC(182) Pause Young (Allocation Failure) 1076M->1065M(1966M) 122.743ms
[26.258s][info][gc] GC(183) Pause Young (Allocation Failure) 1607M->1607M(1966M) 0.065ms
[26.390s][info][gc] GC(184) Pause Full (Allocation Failure) 1607M->533M(1966M) 132.839ms
[26.591s][info][gc] GC(185) Pause Young (Allocation Failure) 1076M->1065M(1966M) 118.424ms
[26.668s][info][gc] GC(186) Pause Young (Allocation Failure) 1607M->1607M(1966M) 0.092ms
[26.803s][info][gc] GC(187) Pause Full (Allocation Failure) 1607M->533M(1966M) 134.377ms
[27.008s][info][gc] GC(188) Pause Young (Allocation Failure) 1076M->1065M(1966M) 126.070ms
[27.090s][info][gc] GC(189) Pause Young (Allocation Failure) 1607M->1607M(1966M) 0.096ms
[27.229s][info][gc] GC(190) Pause Full (Allocation Failure) 1607M->533M(1966M) 138.852ms
[27.433s][info][gc] GC(191) Pause Young (Allocation Failure) 1076M->1065M(1966M) 122.560ms
[27.512s][info][gc] GC(192) Pause Young (Allocation Failure) 1607M->1607M(1966M) 0.071ms
[27.641s][info][gc] GC(193) Pause Full (Allocation Failure) 1607M->533M(1966M) 128.642ms
[27.838s][info][gc] GC(194) Pause Young (Allocation Failure) 1076M->1065M(1966M) 119.184ms
[27.915s][info][gc] GC(195) Pause Young (Allocation Failure) 1607M->1607M(1966M) 0.074ms
[28.055s][info][gc] GC(196) Pause Full (Allocation Failure) 1607M->533M(1966M) 140.052ms
[28.256s][info][gc] GC(197) Pause Young (Allocation Failure) 1076M->1065M(1966M) 119.469ms
[28.334s][info][gc] GC(198) Pause Young (Allocation Failure) 1607M->1607M(1966M) 0.065ms
[28.462s][info][gc] GC(199) Pause Full (Allocation Failure) 1607M->533M(1966M) 128.688ms
[28.660s][info][gc] GC(200) Pause Young (Allocation Failure) 1076M->1065M(1966M) 116.693ms
[28.738s][info][gc] GC(201) Pause Young (Allocation Failure) 1607M->1607M(1966M) 0.071ms
[28.871s][info][gc] GC(202) Pause Full (Allocation Failure) 1607M->533M(1966M) 132.510ms
[29.067s][info][gc] GC(203) Pause Young (Allocation Failure) 1076M->1065M(1966M) 117.680ms
[29.145s][info][gc] GC(204) Pause Young (Allocation Failure) 1607M->1607M(1966M) 0.064ms
[29.277s][info][gc] GC(205) Pause Full (Allocation Failure) 1607M->533M(1966M) 131.432ms
[29.473s][info][gc] GC(206) Pause Young (Allocation Failure) 1076M->1065M(1966M) 117.913ms
[29.550s][info][gc] GC(207) Pause Young (Allocation Failure) 1607M->1607M(1966M) 0.074ms
[29.687s][info][gc] GC(208) Pause Full (Allocation Failure) 1607M->533M(1966M) 136.589ms
[29.885s][info][gc] GC(209) Pause Young (Allocation Failure) 1076M->1065M(1966M) 118.710ms
[29.961s][info][gc] GC(210) Pause Young (Allocation Failure) 1607M->1607M(1966M) 0.103ms
[30.099s][info][gc] GC(211) Pause Full (Allocation Failure) 1607M->533M(1966M) 138.103ms
[30.296s][info][gc] GC(212) Pause Young (Allocation Failure) 1076M->1065M(1966M) 116.643ms
[30.375s][info][gc] GC(213) Pause Young (Allocation Failure) 1607M->1607M(1966M) 0.073ms
[30.516s][info][gc] GC(214) Pause Full (Allocation Failure) 1607M->533M(1966M) 140.976ms
[30.709s][info][gc] GC(215) Pause Young (Allocation Failure) 1076M->1065M(1966M) 115.567ms
[30.790s][info][gc] GC(216) Pause Young (Allocation Failure) 1607M->1607M(1966M) 0.084ms
[30.929s][info][gc] GC(217) Pause Full (Allocation Failure) 1607M->533M(1966M) 139.056ms
[31.128s][info][gc] GC(218) Pause Young (Allocation Failure) 1076M->1065M(1966M) 114.928ms
[31.207s][info][gc] GC(219) Pause Young (Allocation Failure) 1607M->1607M(1966M) 0.101ms
[31.344s][info][gc] GC(220) Pause Full (Allocation Failure) 1607M->533M(1966M) 137.073ms
[31.550s][info][gc] GC(221) Pause Young (Allocation Failure) 1076M->1065M(1966M) 123.280ms
[31.628s][info][gc] GC(222) Pause Young (Allocation Failure) 1607M->1607M(1966M) 0.072ms
[31.765s][info][gc] GC(223) Pause Full (Allocation Failure) 1607M->533M(1966M) 136.670ms
[31.970s][info][gc] GC(224) Pause Young (Allocation Failure) 1076M->1065M(1966M) 121.599ms
[32.047s][info][gc] GC(225) Pause Young (Allocation Failure) 1607M->1607M(1966M) 0.075ms
[32.189s][info][gc] GC(226) Pause Full (Allocation Failure) 1607M->533M(1966M) 142.013ms
[32.400s][info][gc] GC(227) Pause Young (Allocation Failure) 1076M->1065M(1966M) 128.509ms
[32.481s][info][gc] GC(228) Pause Young (Allocation Failure) 1607M->1607M(1966M) 0.089ms
[32.609s][info][gc] GC(229) Pause Full (Allocation Failure) 1607M->533M(1966M) 128.392ms
[32.825s][info][gc] GC(230) Pause Young (Allocation Failure) 1076M->1065M(1966M) 135.308ms
[32.907s][info][gc] GC(231) Pause Young (Allocation Failure) 1607M->1607M(1966M) 0.105ms
[33.041s][info][gc] GC(232) Pause Full (Allocation Failure) 1607M->533M(1966M) 133.771ms
[33.249s][info][gc] GC(233) Pause Young (Allocation Failure) 1076M->1065M(1966M) 125.816ms
[33.331s][info][gc] GC(234) Pause Young (Allocation Failure) 1607M->1607M(1966M) 0.063ms
[33.466s][info][gc] GC(235) Pause Full (Allocation Failure) 1607M->533M(1966M) 135.438ms
[33.667s][info][gc] GC(236) Pause Young (Allocation Failure) 1076M->1065M(1966M) 117.256ms
[33.753s][info][gc] GC(237) Pause Young (Allocation Failure) 1607M->1607M(1966M) 0.062ms
[33.888s][info][gc] GC(238) Pause Full (Allocation Failure) 1607M->533M(1966M) 135.363ms
[34.086s][info][gc] GC(239) Pause Young (Allocation Failure) 1076M->1065M(1966M) 117.900ms
[34.168s][info][gc] GC(240) Pause Young (Allocation Failure) 1607M->1607M(1966M) 0.063ms
[34.301s][info][gc] GC(241) Pause Full (Allocation Failure) 1607M->533M(1966M) 132.445ms
[34.507s][info][gc] GC(242) Pause Young (Allocation Failure) 1076M->1065M(1966M) 123.383ms
[34.589s][info][gc] GC(243) Pause Young (Allocation Failure) 1607M->1607M(1966M) 0.102ms
[34.724s][info][gc] GC(244) Pause Full (Allocation Failure) 1607M->533M(1966M) 135.174ms
[34.923s][info][gc] GC(245) Pause Young (Allocation Failure) 1076M->1065M(1966M) 118.550ms
[35.006s][info][gc] GC(246) Pause Young (Allocation Failure) 1607M->1607M(1966M) 0.078ms
[35.142s][info][gc] GC(247) Pause Full (Allocation Failure) 1607M->533M(1966M) 135.587ms
[35.340s][info][gc] GC(248) Pause Young (Allocation Failure) 1076M->1065M(1966M) 117.355ms
[35.422s][info][gc] GC(249) Pause Young (Allocation Failure) 1607M->1607M(1966M) 0.082ms
[35.561s][info][gc] GC(250) Pause Full (Allocation Failure) 1607M->533M(1966M) 139.408ms
[35.753s][info][gc] GC(251) Pause Young (Allocation Failure) 1076M->1065M(1966M) 113.121ms
[35.829s][info][gc] GC(252) Pause Young (Allocation Failure) 1607M->1607M(1966M) 0.071ms
[35.972s][info][gc] GC(253) Pause Full (Allocation Failure) 1607M->533M(1966M) 142.729ms
[36.170s][info][gc] GC(254) Pause Young (Allocation Failure) 1076M->1065M(1966M) 118.358ms
[36.249s][info][gc] GC(255) Pause Young (Allocation Failure) 1607M->1607M(1966M) 0.081ms
[36.382s][info][gc] GC(256) Pause Full (Allocation Failure) 1607M->533M(1966M) 133.554ms
[36.583s][info][gc] GC(257) Pause Young (Allocation Failure) 1076M->1065M(1966M) 114.220ms
[36.661s][info][gc] GC(258) Pause Young (Allocation Failure) 1607M->1607M(1966M) 0.084ms
[36.794s][info][gc] GC(259) Pause Full (Allocation Failure) 1607M->533M(1966M) 133.061ms
[36.991s][info][gc] GC(260) Pause Young (Allocation Failure) 1076M->1065M(1966M) 117.694ms
[37.067s][info][gc] GC(261) Pause Young (Allocation Failure) 1607M->1607M(1966M) 0.100ms
[37.208s][info][gc] GC(262) Pause Full (Allocation Failure) 1607M->533M(1966M) 140.904ms
[37.414s][info][gc] GC(263) Pause Young (Allocation Failure) 1076M->1065M(1966M) 124.063ms
[37.492s][info][gc] GC(264) Pause Young (Allocation Failure) 1607M->1607M(1966M) 0.117ms
[37.626s][info][gc] GC(265) Pause Full (Allocation Failure) 1607M->533M(1966M) 134.087ms
[37.835s][info][gc] GC(266) Pause Young (Allocation Failure) 1076M->1065M(1966M) 128.288ms
[37.914s][info][gc] GC(267) Pause Young (Allocation Failure) 1607M->1607M(1966M) 0.063ms
[38.046s][info][gc] GC(268) Pause Full (Allocation Failure) 1607M->533M(1966M) 131.195ms
[38.242s][info][gc] GC(269) Pause Young (Allocation Failure) 1076M->1065M(1966M) 117.727ms
[38.321s][info][gc] GC(270) Pause Young (Allocation Failure) 1607M->1607M(1966M) 0.109ms
[38.464s][info][gc] GC(271) Pause Full (Allocation Failure) 1607M->533M(1966M) 143.019ms
[38.660s][info][gc] GC(272) Pause Young (Allocation Failure) 1076M->1065M(1966M) 114.749ms
[38.738s][info][gc] GC(273) Pause Young (Allocation Failure) 1607M->1607M(1966M) 0.144ms
[38.879s][info][gc] GC(274) Pause Full (Allocation Failure) 1607M->533M(1966M) 141.130ms
[39.071s][info][gc] GC(275) Pause Young (Allocation Failure) 1076M->1065M(1966M) 113.935ms
[39.152s][info][gc] GC(276) Pause Young (Allocation Failure) 1607M->1607M(1966M) 0.086ms
[39.286s][info][gc] GC(277) Pause Full (Allocation Failure) 1607M->533M(1966M) 133.399ms
[39.484s][info][gc] GC(278) Pause Young (Allocation Failure) 1076M->1065M(1966M) 114.452ms
[39.563s][info][gc] GC(279) Pause Young (Allocation Failure) 1607M->1607M(1966M) 0.108ms
[39.695s][info][gc] GC(280) Pause Full (Allocation Failure) 1607M->533M(1966M) 131.375ms
[39.890s][info][gc] GC(281) Pause Young (Allocation Failure) 1076M->1065M(1966M) 118.250ms
[39.967s][info][gc] GC(282) Pause Young (Allocation Failure) 1607M->1607M(1966M) 0.083ms
[40.103s][info][gc] GC(283) Pause Full (Allocation Failure) 1607M->533M(1966M) 136.394ms
[40.297s][info][gc] GC(284) Pause Young (Allocation Failure) 1076M->1065M(1966M) 116.383ms
[40.376s][info][gc] GC(285) Pause Young (Allocation Failure) 1607M->1607M(1966M) 0.074ms
[40.514s][info][gc] GC(286) Pause Full (Allocation Failure) 1607M->533M(1966M) 138.150ms
[40.714s][info][gc] GC(287) Pause Young (Allocation Failure) 1076M->1065M(1966M) 119.554ms
[40.793s][info][gc] GC(288) Pause Young (Allocation Failure) 1607M->1607M(1966M) 0.086ms
[40.930s][info][gc] GC(289) Pause Full (Allocation Failure) 1607M->533M(1966M) 136.102ms
[41.136s][info][gc] GC(290) Pause Young (Allocation Failure) 1076M->1065M(1966M) 124.360ms
[41.212s][info][gc] GC(291) Pause Young (Allocation Failure) 1607M->1607M(1966M) 0.067ms
[41.347s][info][gc] GC(292) Pause Full (Allocation Failure) 1607M->533M(1966M) 134.420ms
[41.546s][info][gc] GC(293) Pause Young (Allocation Failure) 1076M->1065M(1966M) 120.989ms
[41.624s][info][gc] GC(294) Pause Young (Allocation Failure) 1607M->1607M(1966M) 0.069ms
[41.758s][info][gc] GC(295) Pause Full (Allocation Failure) 1607M->533M(1966M) 133.625ms
[41.954s][info][gc] GC(296) Pause Young (Allocation Failure) 1076M->1065M(1966M) 118.874ms
[42.031s][info][gc] GC(297) Pause Young (Allocation Failure) 1607M->1607M(1966M) 0.084ms
[42.164s][info][gc] GC(298) Pause Full (Allocation Failure) 1607M->533M(1966M) 132.670ms
[42.361s][info][gc] GC(299) Pause Young (Allocation Failure) 1076M->1065M(1966M) 116.547ms
[42.437s][info][gc] GC(300) Pause Young (Allocation Failure) 1607M->1607M(1966M) 0.078ms
[42.567s][info][gc] GC(301) Pause Full (Allocation Failure) 1607M->533M(1966M) 130.285ms
[42.768s][info][gc] GC(302) Pause Young (Allocation Failure) 1076M->1065M(1966M) 119.697ms
[42.845s][info][gc] GC(303) Pause Young (Allocation Failure) 1607M->1607M(1966M) 0.075ms
[42.981s][info][gc] GC(304) Pause Full (Allocation Failure) 1607M->533M(1966M) 136.162ms
[43.187s][info][gc] GC(305) Pause Young (Allocation Failure) 1076M->1065M(1966M) 124.977ms
[43.267s][info][gc] GC(306) Pause Young (Allocation Failure) 1607M->1607M(1966M) 0.064ms
[43.398s][info][gc] GC(307) Pause Full (Allocation Failure) 1607M->533M(1966M) 130.966ms
[43.597s][info][gc] GC(308) Pause Young (Allocation Failure) 1076M->1065M(1966M) 119.298ms
[43.677s][info][gc] GC(309) Pause Young (Allocation Failure) 1607M->1607M(1966M) 0.064ms
[43.811s][info][gc] GC(310) Pause Full (Allocation Failure) 1607M->533M(1966M) 133.573ms
[44.015s][info][gc] GC(311) Pause Young (Allocation Failure) 1076M->1065M(1966M) 122.235ms
[44.095s][info][gc] GC(312) Pause Young (Allocation Failure) 1607M->1607M(1966M) 0.082ms
[44.231s][info][gc] GC(313) Pause Full (Allocation Failure) 1607M->533M(1966M) 136.044ms
[44.429s][info][gc] GC(314) Pause Young (Allocation Failure) 1076M->1065M(1966M) 119.287ms
[44.507s][info][gc] GC(315) Pause Young (Allocation Failure) 1607M->1607M(1966M) 0.083ms
[44.639s][info][gc] GC(316) Pause Full (Allocation Failure) 1607M->533M(1966M) 131.617ms
[44.839s][info][gc] GC(317) Pause Young (Allocation Failure) 1076M->1065M(1966M) 118.040ms
[44.918s][info][gc] GC(318) Pause Young (Allocation Failure) 1607M->1607M(1966M) 0.081ms
[45.049s][info][gc] GC(319) Pause Full (Allocation Failure) 1607M->533M(1966M) 131.497ms
[45.243s][info][gc] GC(320) Pause Young (Allocation Failure) 1076M->1065M(1966M) 115.113ms
[45.319s][info][gc] GC(321) Pause Young (Allocation Failure) 1607M->1607M(1966M) 0.097ms
[45.452s][info][gc] GC(322) Pause Full (Allocation Failure) 1607M->533M(1966M) 133.263ms
[45.649s][info][gc] GC(323) Pause Young (Allocation Failure) 1076M->1065M(1966M) 117.837ms
[45.732s][info][gc] GC(324) Pause Young (Allocation Failure) 1607M->1607M(1966M) 0.081ms
[45.876s][info][gc] GC(325) Pause Full (Allocation Failure) 1607M->533M(1966M) 143.676ms
[46.072s][info][gc] GC(326) Pause Young (Allocation Failure) 1076M->1065M(1966M) 115.963ms
[46.150s][info][gc] GC(327) Pause Young (Allocation Failure) 1607M->1607M(1966M) 0.070ms
[46.295s][info][gc] GC(328) Pause Full (Allocation Failure) 1607M->533M(1966M) 145.407ms
[46.496s][info][gc] GC(329) Pause Young (Allocation Failure) 1076M->1065M(1966M) 118.135ms
[46.578s][info][gc] GC(330) Pause Young (Allocation Failure) 1607M->1607M(1966M) 0.140ms
[46.711s][info][gc] GC(331) Pause Full (Allocation Failure) 1607M->533M(1966M) 132.919ms
[46.919s][info][gc] GC(332) Pause Young (Allocation Failure) 1076M->1065M(1966M) 124.960ms
[46.999s][info][gc] GC(333) Pause Young (Allocation Failure) 1607M->1607M(1966M) 0.074ms
[47.129s][info][gc] GC(334) Pause Full (Allocation Failure) 1607M->533M(1966M) 129.733ms
[47.331s][info][gc] GC(335) Pause Young (Allocation Failure) 1076M->1065M(1966M) 121.283ms
